WARNING  2026-06-11 12:31:36 [pytest_result_log:122] : --------------------Start: syn/test_web.py::test_web[data0]---------------------
INFO     2026-06-11 12:31:48 [pytest_result_log:190] : test status is PASSED (syn/test_web.py::test_web[data0]): 
WARNING  2026-06-11 12:31:48 [pytest_result_log:128] : ---------------------End: syn/test_web.py::test_web[data0]----------------------
WARNING  2026-06-11 12:31:48 [pytest_result_log:122] : --------------------Start: syn/test_web.py::test_web[data1]---------------------
INFO     2026-06-11 12:31:49 [pytest_result_log:190] : test status is PASSED (syn/test_web.py::test_web[data1]): 
WARNING  2026-06-11 12:31:49 [pytest_result_log:128] : ---------------------End: syn/test_web.py::test_web[data1]----------------------
WARNING  2026-06-11 12:31:49 [pytest_result_log:122] : --------------------Start: syn/test_web.py::test_web[data2]---------------------
INFO     2026-06-11 12:31:51 [pytest_result_log:190] : test status is PASSED (syn/test_web.py::test_web[data2]): 
WARNING  2026-06-11 12:31:51 [pytest_result_log:128] : ---------------------End: syn/test_web.py::test_web[data2]----------------------
WARNING  2026-06-11 12:31:51 [pytest_result_log:122] : --------------------Start: syn/test_web.py::test_web[data3]---------------------
INFO     2026-06-11 12:31:52 [pytest_result_log:190] : test status is PASSED (syn/test_web.py::test_web[data3]): 
WARNING  2026-06-11 12:31:52 [pytest_result_log:128] : ---------------------End: syn/test_web.py::test_web[data3]----------------------
WARNING  2026-06-11 12:31:52 [pytest_result_log:122] : --------------------Start: syn/test_web.py::test_web[data4]---------------------
INFO     2026-06-11 12:31:54 [pytest_result_log:190] : test status is PASSED (syn/test_web.py::test_web[data4]): 
WARNING  2026-06-11 12:31:54 [pytest_result_log:128] : ---------------------End: syn/test_web.py::test_web[data4]----------------------
WARNING  2026-06-11 12:32:00 [urllib3.connectionpool:869] : Retrying (Retry(total=2, connect=None, read=None, redirect=None, status=None)) after connection broken by 'NewConnectionError("HTTPConnection(host='localhost', port=56540): Failed to establish a new connection: [WinError 10061] 由于目标计算机积极拒绝，无法连接。")': /session/01386397f293ba2b9588fe8d4df0ce82/url
WARNING  2026-06-11 12:32:04 [urllib3.connectionpool:869] : Retrying (Retry(total=1, connect=None, read=None, redirect=None, status=None)) after connection broken by 'NewConnectionError("HTTPConnection(host='localhost', port=56540): Failed to establish a new connection: [WinError 10061] 由于目标计算机积极拒绝，无法连接。")': /session/01386397f293ba2b9588fe8d4df0ce82/url
WARNING  2026-06-11 12:32:08 [urllib3.connectionpool:869] : Retrying (Retry(total=0, connect=None, read=None, redirect=None, status=None)) after connection broken by 'NewConnectionError("HTTPConnection(host='localhost', port=56540): Failed to establish a new connection: [WinError 10061] 由于目标计算机积极拒绝，无法连接。")': /session/01386397f293ba2b9588fe8d4df0ce82/url
WARNING  2026-06-11 12:32:16 [urllib3.connectionpool:869] : Retrying (Retry(total=2, connect=None, read=None, redirect=None, status=None)) after connection broken by 'NewConnectionError("HTTPConnection(host='localhost', port=56540): Failed to establish a new connection: [WinError 10061] 由于目标计算机积极拒绝，无法连接。")': /session/01386397f293ba2b9588fe8d4df0ce82/screenshot
WARNING  2026-06-11 12:32:20 [urllib3.connectionpool:869] : Retrying (Retry(total=1, connect=None, read=None, redirect=None, status=None)) after connection broken by 'NewConnectionError("HTTPConnection(host='localhost', port=56540): Failed to establish a new connection: [WinError 10061] 由于目标计算机积极拒绝，无法连接。")': /session/01386397f293ba2b9588fe8d4df0ce82/screenshot
WARNING  2026-06-11 12:32:24 [urllib3.connectionpool:869] : Retrying (Retry(total=0, connect=None, read=None, redirect=None, status=None)) after connection broken by 'NewConnectionError("HTTPConnection(host='localhost', port=56540): Failed to establish a new connection: [WinError 10061] 由于目标计算机积极拒绝，无法连接。")': /session/01386397f293ba2b9588fe8d4df0ce82/screenshot
WARNING  2026-06-11 12:32:33 [urllib3.connectionpool:869] : Retrying (Retry(total=2, connect=None, read=None, redirect=None, status=None)) after connection broken by 'NewConnectionError("HTTPConnection(host='localhost', port=56540): Failed to establish a new connection: [WinError 10061] 由于目标计算机积极拒绝，无法连接。")': /session/01386397f293ba2b9588fe8d4df0ce82/source
WARNING  2026-06-11 12:32:37 [urllib3.connectionpool:869] : Retrying (Retry(total=1, connect=None, read=None, redirect=None, status=None)) after connection broken by 'NewConnectionError("HTTPConnection(host='localhost', port=56540): Failed to establish a new connection: [WinError 10061] 由于目标计算机积极拒绝，无法连接。")': /session/01386397f293ba2b9588fe8d4df0ce82/source
WARNING  2026-06-11 12:32:41 [urllib3.connectionpool:869] : Retrying (Retry(total=0, connect=None, read=None, redirect=None, status=None)) after connection broken by 'NewConnectionError("HTTPConnection(host='localhost', port=56540): Failed to establish a new connection: [WinError 10061] 由于目标计算机积极拒绝，无法连接。")': /session/01386397f293ba2b9588fe8d4df0ce82/source
WARNING  2026-06-11 12:32:49 [urllib3.connectionpool:869] : Retrying (Retry(total=2, connect=None, read=None, redirect=None, status=None)) after connection broken by 'NewConnectionError("HTTPConnection(host='localhost', port=56540): Failed to establish a new connection: [WinError 10061] 由于目标计算机积极拒绝，无法连接。")': /session/01386397f293ba2b9588fe8d4df0ce82/se/log/types
WARNING  2026-06-11 12:32:53 [urllib3.connectionpool:869] : Retrying (Retry(total=1, connect=None, read=None, redirect=None, status=None)) after connection broken by 'NewConnectionError("HTTPConnection(host='localhost', port=56540): Failed to establish a new connection: [WinError 10061] 由于目标计算机积极拒绝，无法连接。")': /session/01386397f293ba2b9588fe8d4df0ce82/se/log/types
WARNING  2026-06-11 12:32:57 [urllib3.connectionpool:869] : Retrying (Retry(total=0, connect=None, read=None, redirect=None, status=None)) after connection broken by 'NewConnectionError("HTTPConnection(host='localhost', port=56540): Failed to establish a new connection: [WinError 10061] 由于目标计算机积极拒绝，无法连接。")': /session/01386397f293ba2b9588fe8d4df0ce82/se/log/types
